Analyzing aladeep...                                            

   info - Invalid use of a private type in a public API - lib\core\animations\bouncing_ball_refresh_indicator.dart:17:3 - library_private_types_in_public_api
warning - Unused import: 'dart:async' - lib\core\bloc\paginated_bloc\exports.dart:1:8 - unused_import
warning - Unused import: 'package:flutter_bloc/flutter_bloc.dart' - lib\core\bloc\paginated_bloc\exports.dart:4:8 - unused_import
warning - Unused import: '../../helpers/helpers.dart' - lib\core\bloc\paginated_bloc\exports.dart:6:8 - unused_import
warning - Unused import: '../../http/either.dart' - lib\core\bloc\paginated_bloc\exports.dart:7:8 - unused_import
warning - Unused import: '../../service_locator/service_locator.dart' - lib\core\bloc\paginated_bloc\exports.dart:9:8 - unused_import
   info - The import of 'package:flutter/cupertino.dart' is unnecessary because all of the used elements are also provided by the import of 'package:flutter/material.dart' - lib\core\helpers\helpers.dart:5:8 - unnecessary_import
warning - Unused import: 'package:flutter_bloc/flutter_bloc.dart' - lib\core\helpers\helpers.dart:8:8 - unused_import
warning - Unused import: '../bloc/paginated_bloc/exports.dart' - lib\core\helpers\helpers.dart:11:8 - unused_import
warning - Unused import: '../enum/status.dart' - lib\core\helpers\helpers.dart:15:8 - unused_import
warning - Unused import: '../local_storage/local_storage.dart' - lib\core\helpers\helpers.dart:19:8 - unused_import
warning - Unused import: '../service_locator/service_locator.dart' - lib\core\helpers\helpers.dart:22:8 - unused_import
   info - Missing type annotation - lib\core\helpers\logger.dart:3:13 - strict_top_level_inference
   info - Missing type annotation - lib\core\helpers\logger.dart:9:18 - strict_top_level_inference
   info - Missing type annotation - lib\core\helpers\logger.dart:15:17 - strict_top_level_inference
   info - Missing type annotation - lib\core\helpers\logger.dart:21:20 - strict_top_level_inference
   info - Missing type annotation - lib\core\helpers\logger.dart:27:17 - strict_top_level_inference
   info - Missing type annotation - lib\core\helpers\logger.dart:33:18 - strict_top_level_inference
warning - The value of the local variable 'status' isn't used - lib\core\notification\messaging_config.dart:204:19 - unused_local_variable
warning - The declaration '_goToScreen' isn't referenced - lib\core\notification\messaging_config.dart:352:15 - unused_element
warning - Unused import: 'package:aladeep/core/routes/app_routs_name.dart' - lib\core\scroll_helper\scroll_helper.dart:2:8 - unused_import
  error - Undefined name 'TestYourSelfServiceLocator' - lib\core\service_locator\init\init.dart:9:11 - undefined_identifier
  error - The included part 'package:aladeep/core/service_locator/test_your_self_service_locator/test_your_self_service_locator.dart' must have a part-of directive - lib\core\service_locator\service_locator.dart:34:6 - part_of_non_part
  error - Undefined class 'GetIt' - lib\core\service_locator\test_your_self_service_locator\test_your_self_service_locator.dart:2:41 - undefined_class
  error - The name 'QuizDataSource' isn't a type, so it can't be used as a type argument - lib\core\service_locator\test_your_self_service_locator\test_your_self_service_locator.dart:4:33 - non_type_as_type_argument
  error - The method 'QuizDataSourceImpl' isn't defined for the type 'TestYourSelfServiceLocator' - lib\core\service_locator\test_your_self_service_locator\test_your_self_service_locator.dart:5:13 - undefined_method
  error - The method 'GenericDataSource' isn't defined for the type 'TestYourSelfServiceLocator' - lib\core\service_locator\test_your_self_service_locator\test_your_self_service_locator.dart:5:32 - undefined_method
  error - The method 'QuizBloc' isn't defined for the type 'TestYourSelfServiceLocator' - lib\core\service_locator\test_your_self_service_locator\test_your_self_service_locator.dart:9:33 - undefined_method
   info - 'color' is deprecated and shouldn't be used. Use backgroundColor instead. This feature was deprecated after v3.33.0-0.2.pre - lib\core\theme\app_text_theme.dart:22:7 - deprecated_member_use
   info - 'withOpacity' is deprecated and shouldn't be used. Use .withValues() to avoid precision loss - lib\core\utils\app_drawer.dart:61:54 - deprecated_member_use
   info - 'withOpacity' is deprecated and shouldn't be used. Use .withValues() to avoid precision loss - lib\core\utils\app_drawer.dart:64:56 - deprecated_member_use
   info - 'withOpacity' is deprecated and shouldn't be used. Use .withValues() to avoid precision loss - lib\core\utils\app_drawer.dart:82:52 - deprecated_member_use
   info - 'withOpacity' is deprecated and shouldn't be used. Use .withValues() to avoid precision loss - lib\core\utils\app_drawer.dart:85:54 - deprecated_member_use
   info - 'withOpacity' is deprecated and shouldn't be used. Use .withValues() to avoid precision loss - lib\core\utils\app_drawer.dart:256:56 - deprecated_member_use
   info - Constructors for public widgets should have a named 'key' parameter - lib\core\utils\drawer_item.dart:10:9 - use_key_in_widget_constructors
   info - Constructors for public widgets should have a named 'key' parameter - lib\core\utils\social_icon.dart:8:9 - use_key_in_widget_constructors
warning - A value for optional parameter 'loaderSize' isn't ever given - lib\core\widgets\stateful\custom_button.dart:35:10 - unused_element_parameter
   info - Don't invoke 'print' in production code - lib\core\widgets\stateful\pull_to_refresh.dart:110:13 - avoid_print
   info - Don't invoke 'print' in production code - lib\core\widgets\stateful\pull_to_refresh.dart:114:15 - avoid_print
warning - Unused import: 'package:aladeep/core/routes/app_routs_name.dart' - lib\features\about_instuctor_screen\presentation\view\about_instructor.dart:1:8 - unused_import
warning - Unused import: 'package:aladeep/features/home/data/models/footer_link_model.dart' - lib\features\about_instuctor_screen\presentation\view\about_instructor.dart:7:8 - unused_import
   info - 'withOpacity' is deprecated and shouldn't be used. Use .withValues() to avoid precision loss - lib\features\about_instuctor_screen\presentation\view\about_instructor.dart:73:58 - deprecated_member_use
   info - 'withOpacity' is deprecated and shouldn't be used. Use .withValues() to avoid precision loss - lib\features\about_instuctor_screen\presentation\view\about_instructor.dart:169:59 - deprecated_member_use
   info - Use the null-aware marker '?' rather than a null check via an 'if' - lib\features\auth\data_source\profile_update_data_source.dart:29:9 - use_null_aware_elements
warning - Unused import: 'package:font_awesome_flutter/font_awesome_flutter.dart' - lib\features\auth\login\presentation\login_result_view.dart:10:8 - unused_import
warning - Unused import: 'package:font_awesome_flutter/font_awesome_flutter.dart' - lib\features\auth\login\presentation\login_view.dart:6:8 - unused_import
warning - Unused import: 'package:aladeep/features/home/data/models/footer_link_model.dart' - lib\features\auth\login\presentation\login_view.dart:15:8 - unused_import
   info - Constructors for public widgets should have a named 'key' parameter - lib\features\auth\login\presentation\widgts\field_label.dart:7:9 - use_key_in_widget_constructors
   info - Constructors for public widgets should have a named 'key' parameter - lib\features\auth\login\presentation\widgts\input_field.dart:13:9 - use_key_in_widget_constructors
   info - 'withOpacity' is deprecated and shouldn't be used. Use .withValues() to avoid precision loss - lib\features\auth\profile\presentation\profile_view.dart:84:58 - deprecated_member_use
warning - Unused import: 'package:aladeep/core/routes/app_routs_name.dart' - lib\features\auth\register\presentation\view\register_result_view.dart:1:8 - unused_import
warning - Unused import: 'package:aladeep/features/home/data/models/footer_link_model.dart' - lib\features\auth\register\presentation\view\register_result_view.dart:7:8 - unused_import
warning - Unused import: 'package:font_awesome_flutter/font_awesome_flutter.dart' - lib\features\auth\register\presentation\view\register_result_view.dart:10:8 - unused_import
warning - Unused import: 'package:font_awesome_flutter/font_awesome_flutter.dart' - lib\features\auth\register\presentation\view\register_view.dart:12:8 - unused_import
warning - Unused import: 'package:aladeep/features/home/data/models/footer_link_model.dart' - lib\features\auth\register\presentation\view\register_view.dart:13:8 - unused_import
warning - Unused import: 'package:aladeep/features/auth/register/presentation/widgets/action_button.dart' - lib\features\auth\register\presentation\widgets\header_card.dart:3:8 - unused_import
   info - 'withOpacity' is deprecated and shouldn't be used. Use .withValues() to avoid precision loss - lib\features\auth\register\presentation\widgets\header_card.dart:45:43 - deprecated_member_use
warning - Duplicate import - lib\features\auth\register\presentation\widgets\section_title.dart:2:8 - duplicate_import
warning - Unused import: 'package:font_awesome_flutter/font_awesome_flutter.dart' - lib\features\browse_course_screen\presentation\view\browse_course_screen.dart:4:8 - unused_import
warning - Unused import: 'package:aladeep/core/routes/app_routs_name.dart' - lib\features\browse_course_screen\presentation\view\browse_course_screen.dart:5:8 - unused_import
warning - Unused import: 'package:aladeep/features/home/data/models/footer_link_model.dart' - lib\features\browse_course_screen\presentation\view\browse_course_screen.dart:11:8 - unused_import
   info - 'withOpacity' is deprecated and shouldn't be used. Use .withValues() to avoid precision loss - lib\features\browse_course_screen\presentation\widget\custom_course_card.dart:133:47 - deprecated_member_use
warning - Unnecessary cast - lib\features\course\data\course_data_source.dart:110:27 - unnecessary_cast
warning - Unused import: 'package:aladeep/core/bloc/paginated_bloc/exports.dart' - lib\features\course\presentation\bloc\course_details_bloc.dart:2:8 - unused_import
   info - Statements in an if should be enclosed in a block - lib\features\course\presentation\views\course_details_view.dart:350:9 - curly_braces_in_flow_control_structures
   info - 'withOpacity' is deprecated and shouldn't be used. Use .withValues() to avoid precision loss - lib\features\home\presentation\sections\brouse_courses_section.dart:28:61 - deprecated_member_use
   info - Unnecessary use of multiple underscores - lib\features\my_platform\presentation\view\my_platform_dashboard_view.dart:177:39 - unnecessary_underscores
   info - Unnecessary use of multiple underscores - lib\features\my_platform\presentation\view\my_platform_dashboard_view.dart:177:43 - unnecessary_underscores
   info - 'withOpacity' is deprecated and shouldn't be used. Use .withValues() to avoid precision loss - lib\features\my_platform\presentation\view\my_platform_dashboard_view.dart:224:30 - deprecated_member_use
   info - 'withOpacity' is deprecated and shouldn't be used. Use .withValues() to avoid precision loss - lib\features\my_platform\presentation\view\my_platform_dashboard_view.dart:228:48 - deprecated_member_use
   info - 'withOpacity' is deprecated and shouldn't be used. Use .withValues() to avoid precision loss - lib\features\my_platform\presentation\view\my_platform_dashboard_view.dart:272:44 - deprecated_member_use
   info - 'withOpacity' is deprecated and shouldn't be used. Use .withValues() to avoid precision loss - lib\features\my_platform\presentation\view\my_platform_dashboard_view.dart:303:37 - deprecated_member_use
   info - 'withOpacity' is deprecated and shouldn't be used. Use .withValues() to avoid precision loss - lib\features\my_platform\presentation\view\my_platform_dashboard_view.dart:407:48 - deprecated_member_use
   info - 'withOpacity' is deprecated and shouldn't be used. Use .withValues() to avoid precision loss - lib\features\my_platform\presentation\view\my_results_view.dart:68:63 - deprecated_member_use
warning - Unused import: 'package:aladeep/core/routes/app_routs_name.dart' - lib\features\privacy_policy\presentation\views\privacy_policy_view.dart:1:8 - unused_import
warning - Unused import: 'package:aladeep/features/privacy_policy/presentation/widgets/custom_row.dart' - lib\features\privacy_policy\presentation\views\privacy_policy_view.dart:5:8 - unused_import
warning - Unused import: 'package:aladeep/features/privacy_policy/presentation/widgets/intellectual_content.dart' - lib\features\privacy_policy\presentation\views\privacy_policy_view.dart:7:8 - unused_import
warning - Unused import: 'package:aladeep/features/privacy_policy/presentation/widgets/payment_content.dart' - lib\features\privacy_policy\presentation\views\privacy_policy_view.dart:8:8 - unused_import
warning - Unused import: 'package:aladeep/features/home/data/models/footer_link_model.dart' - lib\features\privacy_policy\presentation\views\privacy_policy_view.dart:11:8 - unused_import
warning - Unused import: 'package:font_awesome_flutter/font_awesome_flutter.dart' - lib\features\privacy_policy\presentation\views\privacy_policy_view.dart:15:8 - unused_import
warning - Unused import: 'package:aladeep/core/routes/app_routs_name.dart' - lib\features\subscriptions\presentation\view\confirm_subscription_view.dart:3:8 - unused_import
warning - Unused import: 'package:aladeep/core/theme/app_colors.dart' - lib\features\subscriptions\presentation\view\confirm_subscription_view.dart:4:8 - unused_import
warning - Unused import: 'package:aladeep/features/home/data/models/footer_link_model.dart' - lib\features\subscriptions\presentation\view\confirm_subscription_view.dart:7:8 - unused_import
warning - Unused import: 'package:flutter/services.dart' - lib\features\subscriptions\presentation\view\confirm_subscription_view.dart:18:8 - unused_import
warning - Unused import: 'package:font_awesome_flutter/font_awesome_flutter.dart' - lib\features\subscriptions\presentation\view\confirm_subscription_view.dart:21:8 - unused_import
  error - The named parameter 'questions' is required, but there's no corresponding argument - lib\features\test_your_self\data\datasource\quiz_data_source_mock.dart:17:13 - missing_required_argument
  error - 'QuestionModel' isn't a function - lib\features\test_your_self\data\datasource\quiz_data_source_mock.dart:24:9 - invocation_of_non_function
  error - The name 'QuestionModel' is defined in the libraries 'package:aladeep/features/test_your_self/data/models/question_model.dart' and 'package:aladeep/features/test_your_self/data/models/quiz_model.dart' - lib\features\test_your_self\data\datasource\quiz_data_source_mock.dart:24:9 - ambiguous_import
  error - The name 'QuestionModel' is defined in the libraries 'package:aladeep/features/test_your_self/data/models/question_model.dart' and 'package:aladeep/features/test_your_self/data/models/quiz_model.dart' - lib\features\test_your_self\data\models\quiz_response_model.dart:7:14 - ambiguous_import
  error - The name 'QuestionModel' is defined in the libraries 'package:aladeep/features/test_your_self/data/models/question_model.dart' and 'package:aladeep/features/test_your_self/data/models/quiz_model.dart' - lib\features\test_your_self\data\models\quiz_response_model.dart:20:23 - ambiguous_import
  error - Undefined class 'TestYourSelfDataSource' - lib\features\test_your_self\presentation\bloc\quiz_bloc.dart:14:9 - undefined_class
   info - Parameter 'key' could be a super parameter - lib\features\test_your_self\presentation\view\test_your_self_result_view.dart:10:9 - use_super_parameters
   info - Parameter 'key' could be a super parameter - lib\features\test_your_self\presentation\view\test_your_self_view.dart:18:9 - use_super_parameters
   info - Unnecessary use of multiple underscores - lib\features\test_your_self\presentation\view\test_your_self_view.dart:245:33 - unnecessary_underscores
   info - Unnecessary use of multiple underscores - lib\features\test_your_self\presentation\view\test_your_self_view.dart:245:37 - unnecessary_underscores
   info - Parameter 'key' could be a super parameter - lib\features\test_your_self\presentation\widgets\question_option_tile.dart:11:9 - use_super_parameters
   info - Parameter 'key' could be a super parameter - lib\features\test_your_self\presentation\widgets\test_app_bar.dart:12:9 - use_super_parameters
   info - Parameter 'key' could be a super parameter - lib\features\test_your_self\presentation\widgets\test_sidebar.dart:6:9 - use_super_parameters

